// Jest Snapshot v1, https://goo.gl/fbAQLP

exports[`constants should match the snapshot 1`] = `
Object {
  "EXCEPTION": "EXCEPTION",
  "PRODUCT_GET_REPOS": "PRODUCT_GET_REPOS",
  "PRODUCT_GET_REPOS_FAILURE": "PRODUCT_GET_REPOS_FAILURE",
  "PRODUCT_GET_REPOS_SUCCESS": "PRODUCT_GET_REPOS_SUCCESS",
  "SWITCH_MENU": "SWITCH_MENU",
}
`;

exports[`constants should match the snapshot 2`] = `
Object {
  "ERROR": "error",
  "IDLE": "idle",
  "READY": "ready",
  "RUNNING": "running",
  "SUCCESS": "success",
}
`;
