// Jest Snapshot v1, https://goo.gl/fbAQLP

exports[`GitHub should render properly 1`] = `
<div
  data-testid="GitHubWrapper"
  key="Product"
>
  <Flex
    alignItems="center"
    justifyContent="center"
  />
  <Loader
    block={true}
    color="#00b4d5"
    size={32}
    type="grow"
  />
  <Pagination>
    <PaginationBoxView
      activeClassName="active"
      breakClassName="break-me"
      breakLabel="..."
      containerClassName="pagination"
      disableInitialCallback={false}
      disabledClassName="disabled"
      marginPagesDisplayed={2}
      nextClassName="next"
      nextLabel="next >"
      onPageChange={[Function]}
      pageCount={5}
      pageRangeDisplayed={5}
      previousClassName="previous"
      previousLabel=
< previous

      subContainerClassName="pages pagination"
    />
  </Pagination>
</div>
`;

exports[`GitHub should render the Grid if data exists 1`] = `null`;
