// Jest Snapshot v1, https://goo.gl/fbAQLP

exports[`Product should render properly 1`] = `
<div
  data-testid="ProductWrapper"
  key="Product"
>
  <Flex
    alignItems="center"
    justifyContent="center"
  />
  <Loader
    block={true}
    color="#f6f6f6"
    size={32}
    type="grow"
  />
</div>
`;

exports[`Product should render the Grid if data exists 1`] = `null`;
